// Jest Snapshot v1, https://goo.gl/fbAQLP

exports[`<PanelItem /> should render 1`] = `
ShallowWrapper {
  "length": 1,
  Symbol(enzyme.__root__): [Circular],
  Symbol(enzyme.__unrendered__): <PanelItem
    label="foo"
    value="bar"
  />,
  Symbol(enzyme.__renderer__): Object {
    "batchedUpdates": [Function],
    "getNode": [Function],
    "render": [Function],
    "simulateEvent": [Function],
    "unmount": [Function],
  },
  Symbol(enzyme.__node__): Object {
    "instance": null,
    "key": undefined,
    "nodeType": "host",
    "props": Object {
      "children": Array [
        <div
          className="panel-item__label"
        >
          foo
        </div>,
        <div
          className="panel-item__value"
        >
          bar
        </div>,
      ],
      "className": "panel-item",
    },
    "ref": null,
    "rendered": Array [
      Object {
        "instance": null,
        "key": undefined,
        "nodeType": "host",
        "props": Object {
          "children": "foo",
          "className": "panel-item__label",
        },
        "ref": null,
        "rendered": "foo",
        "type": "div",
      },
      Object {
        "instance": null,
        "key": undefined,
        "nodeType": "host",
        "props": Object {
          "children": "bar",
          "className": "panel-item__value",
        },
        "ref": null,
        "rendered": "bar",
        "type": "div",
      },
    ],
    "type": "div",
  },
  Symbol(enzyme.__nodes__): Array [
    Object {
      "instance": null,
      "key": undefined,
      "nodeType": "host",
      "props": Object {
        "children": Array [
          <div
            className="panel-item__label"
          >
            foo
          </div>,
          <div
            className="panel-item__value"
          >
            bar
          </div>,
        ],
        "className": "panel-item",
      },
      "ref": null,
      "rendered": Array [
        Object {
          "instance": null,
          "key": undefined,
          "nodeType": "host",
          "props": Object {
            "children": "foo",
            "className": "panel-item__label",
          },
          "ref": null,
          "rendered": "foo",
          "type": "div",
        },
        Object {
          "instance": null,
          "key": undefined,
          "nodeType": "host",
          "props": Object {
            "children": "bar",
            "className": "panel-item__value",
          },
          "ref": null,
          "rendered": "bar",
          "type": "div",
        },
      ],
      "type": "div",
    },
  ],
  Symbol(enzyme.__options__): Object {
    "adapter": ReactSixteenAdapter {
      "options": Object {
        "enableComponentDidUpdateOnSetState": true,
      },
    },
  },
}
`;
