// Jest Snapshot v1, https://goo.gl/fbAQLP

exports[`<ExportScreen /> should render 1`] = `
ShallowWrapper {
  "length": 1,
  Symbol(enzyme.__root__): [Circular],
  Symbol(enzyme.__unrendered__): <ExportScreen />,
  Symbol(enzyme.__renderer__): Object {
    "batchedUpdates": [Function],
    "getNode": [Function],
    "render": [Function],
    "simulateEvent": [Function],
    "unmount": [Function],
  },
  Symbol(enzyme.__node__): Object {
    "instance": null,
    "key": undefined,
    "nodeType": "host",
    "props": Object {
      "children": Array [
        <div
          className="screen__heading"
>
          <h1
                    className="screen__heading-title"
          >
                    Network Canvas
          </h1>
          <h2
                    className="screen__heading-subtitle"
          >
                    Exporter
          </h2>
</div>,
        <div
          className="screen__main"
>
          <NarrativePanel
                    title="Presets"
          >
                    Some options go here...
          </NarrativePanel>
          <NarrativePanel
                    title="Advanced options"
          >
                    Some options go here...
          </NarrativePanel>
          <button>
                    Export
          </button>
</div>,
      ],
      "className": "screen",
    },
    "ref": null,
    "rendered": Array [
      Object {
        "instance": null,
        "key": undefined,
        "nodeType": "host",
        "props": Object {
          "children": Array [
            <h1
              className="screen__heading-title"
>
              Network Canvas
</h1>,
            <h2
              className="screen__heading-subtitle"
>
              Exporter
</h2>,
          ],
          "className": "screen__heading",
        },
        "ref": null,
        "rendered": Array [
          Object {
            "instance": null,
            "key": undefined,
            "nodeType": "host",
            "props": Object {
              "children": "Network Canvas",
              "className": "screen__heading-title",
            },
            "ref": null,
            "rendered": "Network Canvas",
            "type": "h1",
          },
          Object {
            "instance": null,
            "key": undefined,
            "nodeType": "host",
            "props": Object {
              "children": "Exporter",
              "className": "screen__heading-subtitle",
            },
            "ref": null,
            "rendered": "Exporter",
            "type": "h2",
          },
        ],
        "type": "div",
      },
      Object {
        "instance": null,
        "key": undefined,
        "nodeType": "host",
        "props": Object {
          "children": Array [
            <NarrativePanel
              title="Presets"
>
              Some options go here...
</NarrativePanel>,
            <NarrativePanel
              title="Advanced options"
>
              Some options go here...
</NarrativePanel>,
            <button>
              Export
</button>,
          ],
          "className": "screen__main",
        },
        "ref": null,
        "rendered": Array [
          Object {
            "instance": null,
            "key": undefined,
            "nodeType": "class",
            "props": Object {
              "children": "Some options go here...",
              "title": "Presets",
            },
            "ref": null,
            "rendered": "Some options go here...",
            "type": [Function],
          },
          Object {
            "instance": null,
            "key": undefined,
            "nodeType": "class",
            "props": Object {
              "children": "Some options go here...",
              "title": "Advanced options",
            },
            "ref": null,
            "rendered": "Some options go here...",
            "type": [Function],
          },
          Object {
            "instance": null,
            "key": undefined,
            "nodeType": "host",
            "props": Object {
              "children": "Export",
            },
            "ref": null,
            "rendered": "Export",
            "type": "button",
          },
        ],
        "type": "div",
      },
    ],
    "type": "div",
  },
  Symbol(enzyme.__nodes__): Array [
    Object {
      "instance": null,
      "key": undefined,
      "nodeType": "host",
      "props": Object {
        "children": Array [
          <div
            className="screen__heading"
>
            <h1
                        className="screen__heading-title"
            >
                        Network Canvas
            </h1>
            <h2
                        className="screen__heading-subtitle"
            >
                        Exporter
            </h2>
</div>,
          <div
            className="screen__main"
>
            <NarrativePanel
                        title="Presets"
            >
                        Some options go here...
            </NarrativePanel>
            <NarrativePanel
                        title="Advanced options"
            >
                        Some options go here...
            </NarrativePanel>
            <button>
                        Export
            </button>
</div>,
        ],
        "className": "screen",
      },
      "ref": null,
      "rendered": Array [
        Object {
          "instance": null,
          "key": undefined,
          "nodeType": "host",
          "props": Object {
            "children": Array [
              <h1
                className="screen__heading-title"
>
                Network Canvas
</h1>,
              <h2
                className="screen__heading-subtitle"
>
                Exporter
</h2>,
            ],
            "className": "screen__heading",
          },
          "ref": null,
          "rendered": Array [
            Object {
              "instance": null,
              "key": undefined,
              "nodeType": "host",
              "props": Object {
                "children": "Network Canvas",
                "className": "screen__heading-title",
              },
              "ref": null,
              "rendered": "Network Canvas",
              "type": "h1",
            },
            Object {
              "instance": null,
              "key": undefined,
              "nodeType": "host",
              "props": Object {
                "children": "Exporter",
                "className": "screen__heading-subtitle",
              },
              "ref": null,
              "rendered": "Exporter",
              "type": "h2",
            },
          ],
          "type": "div",
        },
        Object {
          "instance": null,
          "key": undefined,
          "nodeType": "host",
          "props": Object {
            "children": Array [
              <NarrativePanel
                title="Presets"
>
                Some options go here...
</NarrativePanel>,
              <NarrativePanel
                title="Advanced options"
>
                Some options go here...
</NarrativePanel>,
              <button>
                Export
</button>,
            ],
            "className": "screen__main",
          },
          "ref": null,
          "rendered": Array [
            Object {
              "instance": null,
              "key": undefined,
              "nodeType": "class",
              "props": Object {
                "children": "Some options go here...",
                "title": "Presets",
              },
              "ref": null,
              "rendered": "Some options go here...",
              "type": [Function],
            },
            Object {
              "instance": null,
              "key": undefined,
              "nodeType": "class",
              "props": Object {
                "children": "Some options go here...",
                "title": "Advanced options",
              },
              "ref": null,
              "rendered": "Some options go here...",
              "type": [Function],
            },
            Object {
              "instance": null,
              "key": undefined,
              "nodeType": "host",
              "props": Object {
                "children": "Export",
              },
              "ref": null,
              "rendered": "Export",
              "type": "button",
            },
          ],
          "type": "div",
        },
      ],
      "type": "div",
    },
  ],
  Symbol(enzyme.__options__): Object {
    "adapter": ReactSixteenAdapter {
      "options": Object {
        "enableComponentDidUpdateOnSetState": true,
      },
    },
  },
}
`;
